  ▲ Next.js 14.2.14

   Creating an optimized production build ...
 ✓ Compiled successfully
   Linting and checking validity of types ...

Failed to compile.

./app/admin/agencies/page.tsx
14:94  Warning: Unexpected any. Specify a different type.  @typescript-eslint/no-explicit-any
33:58  Warning: Unexpected any. Specify a different type.  @typescript-eslint/no-explicit-any
34:62  Warning: Unexpected any. Specify a different type.  @typescript-eslint/no-explicit-any
35:44  Warning: Unexpected any. Specify a different type.  @typescript-eslint/no-explicit-any
373:77  Warning: Unexpected any. Specify a different type.  @typescript-eslint/no-explicit-any
392:105  Warning: Unexpected any. Specify a different type.  @typescript-eslint/no-explicit-any
407:91  Warning: Unexpected any. Specify a different type.  @typescript-eslint/no-explicit-any
407:99  Warning: Unexpected any. Specify a different type.  @typescript-eslint/no-explicit-any
407:151  Warning: Unexpected any. Specify a different type.  @typescript-eslint/no-explicit-any
421:81  Warning: Unexpected any. Specify a different type.  @typescript-eslint/no-explicit-any
479:84  Warning: Unexpected any. Specify a different type.  @typescript-eslint/no-explicit-any
482:216  Warning: Unexpected any. Specify a different type.  @typescript-eslint/no-explicit-any
506:100  Warning: Unexpected any. Specify a different type.  @typescript-eslint/no-explicit-any

./app/admin/blog/page.tsx
142:66  Warning: Unexpected any. Specify a different type.  @typescript-eslint/no-explicit-any
155:63  Warning: Unexpected any. Specify a different type.  @typescript-eslint/no-explicit-any
475:45  Warning: Using `<img>` could result in slower LCP and higher bandwidth. Consider using `<Image />` from `next/image` to automatically optimize images. This may incur additional usage or cost from your provider. See: https://nextjs.org/docs/messages/no-img-element  @next/next/no-img-element
607:71  Warning: Using `<img>` could result in slower LCP and higher bandwidth. Consider using `<Image />` from `next/image` to automatically optimize images. This may incur additional usage or cost from your provider. See: https://nextjs.org/docs/messages/no-img-element  @next/next/no-img-element

./app/admin/calendar/page.tsx
17:51  Warning: Unexpected any. Specify a different type.  @typescript-eslint/no-explicit-any

./app/admin/devices/page.tsx
20:50  Warning: Unexpected any. Specify a different type.  @typescript-eslint/no-explicit-any
300:112  Warning: Unexpected any. Specify a different type.  @typescript-eslint/no-explicit-any
314:75  Warning: Unexpected any. Specify a different type.  @typescript-eslint/no-explicit-any
353:106  Warning: Unexpected any. Specify a different type.  @typescript-eslint/no-explicit-any

./app/admin/finance/page.tsx
18:44  Warning: Unexpected any. Specify a different type.  @typescript-eslint/no-explicit-any
19:48  Warning: Unexpected any. Specify a different type.  @typescript-eslint/no-explicit-any
20:50  Warning: Unexpected any. Specify a different type.  @typescript-eslint/no-explicit-any
22:46  Warning: Unexpected any. Specify a different type.  @typescript-eslint/no-explicit-any
23:54  Warning: Unexpected any. Specify a different type.  @typescript-eslint/no-explicit-any
24:52  Warning: Unexpected any. Specify a different type.  @typescript-eslint/no-explicit-any
55:38  Warning: Unexpected any. Specify a different type.  @typescript-eslint/no-explicit-any
55:46  Warning: Unexpected any. Specify a different type.  @typescript-eslint/no-explicit-any
122:49  Warning: Unexpected any. Specify a different type.  @typescript-eslint/no-explicit-any
209:64  Warning: Unexpected any. Specify a different type.  @typescript-eslint/no-explicit-any
210:94  Warning: Unexpected any. Specify a different type.  @typescript-eslint/no-explicit-any
285:76  Warning: Unexpected any. Specify a different type.  @typescript-eslint/no-explicit-any
285:84  Warning: Unexpected any. Specify a different type.  @typescript-eslint/no-explicit-any
285:126  Warning: Unexpected any. Specify a different type.  @typescript-eslint/no-explicit-any
286:94  Warning: Unexpected any. Specify a different type.  @typescript-eslint/no-explicit-any
286:102  Warning: Unexpected any. Specify a different type.  @typescript-eslint/no-explicit-any
302:79  Warning: Unexpected any. Specify a different type.  @typescript-eslint/no-explicit-any
302:87  Warning: Unexpected any. Specify a different type.  @typescript-eslint/no-explicit-any
302:140  Warning: Unexpected any. Specify a different type.  @typescript-eslint/no-explicit-any
303:97  Warning: Unexpected any. Specify a different type.  @typescript-eslint/no-explicit-any
303:105  Warning: Unexpected any. Specify a different type.  @typescript-eslint/no-explicit-any
319:78  Warning: Unexpected any. Specify a different type.  @typescript-eslint/no-explicit-any
319:86  Warning: Unexpected any. Specify a different type.  @typescript-eslint/no-explicit-any
319:142  Warning: Unexpected any. Specify a different type.  @typescript-eslint/no-explicit-any
320:96  Warning: Unexpected any. Specify a different type.  @typescript-eslint/no-explicit-any
320:104  Warning: Unexpected any. Specify a different type.  @typescript-eslint/no-explicit-any
337:56  Warning: Unexpected any. Specify a different type.  @typescript-eslint/no-explicit-any
338:86  Warning: Unexpected any. Specify a different type.  @typescript-eslint/no-explicit-any
376:60  Warning: Unexpected any. Specify a different type.  @typescript-eslint/no-explicit-any

./app/admin/franchise-leads/[id]/page.tsx
18:58  Warning: Unexpected any. Specify a different type.  @typescript-eslint/no-explicit-any
23:48  Warning: Unexpected any. Specify a different type.  @typescript-eslint/no-explicit-any
24:60  Warning: Unexpected any. Specify a different type.  @typescript-eslint/no-explicit-any
65:46  Warning: Unexpected any. Specify a different type.  @typescript-eslint/no-explicit-any
75:36  Warning: Unexpected any. Specify a different type.  @typescript-eslint/no-explicit-any
113:32  Warning: Unexpected any. Specify a different type.  @typescript-eslint/no-explicit-any
159:34  Warning: Unexpected any. Specify a different type.  @typescript-eslint/no-explicit-any

./app/admin/franchise-leads/page.tsx
51:68  Warning: Unexpected any. Specify a different type.  @typescript-eslint/no-explicit-any
58:65  Warning: Unexpected any. Specify a different type.  @typescript-eslint/no-explicit-any
66:64  Warning: Unexpected any. Specify a different type.  @typescript-eslint/no-explicit-any
67:44  Warning: Unexpected any. Specify a different type.  @typescript-eslint/no-explicit-any
69:52  Warning: Unexpected any. Specify a different type.  @typescript-eslint/no-explicit-any
189:44  Warning: Unexpected any. Specify a different type.  @typescript-eslint/no-explicit-any
189:52  Warning: Unexpected any. Specify a different type.  @typescript-eslint/no-explicit-any
205:30  Warning: Unexpected any. Specify a different type.  @typescript-eslint/no-explicit-any
263:74  Warning: Unexpected any. Specify a different type.  @typescript-eslint/no-explicit-any
320:85  Warning: Unexpected any. Specify a different type.  @typescript-eslint/no-explicit-any
742:50  Error: Expected an assignment or function call and instead saw an expression.  @typescript-eslint/no-unused-expressions
1019:160  Warning: Unexpected any. Specify a different type.  @typescript-eslint/no-explicit-any

./app/admin/inbox/page.tsx
159:58  Warning: Unexpected any. Specify a different type.  @typescript-eslint/no-explicit-any
230:49  Warning: Unexpected any. Specify a different type.  @typescript-eslint/no-explicit-any

./app/admin/page.tsx
27:58  Warning: Unexpected any. Specify a different type.  @typescript-eslint/no-explicit-any
28:60  Warning: Unexpected any. Specify a different type.  @typescript-eslint/no-explicit-any
29:44  Warning: Unexpected any. Specify a different type.  @typescript-eslint/no-explicit-any

./app/admin/settings/billing/page.tsx
21:68  Warning: Unexpected any. Specify a different type.  @typescript-eslint/no-explicit-any

./app/admin/settings/general/page.tsx
14:68  Warning: Unexpected any. Specify a different type.  @typescript-eslint/no-explicit-any

./app/admin/settings/notifications/page.tsx
21:68  Warning: Unexpected any. Specify a different type.  @typescript-eslint/no-explicit-any

./app/admin/team/page.tsx
12:90  Warning: Unexpected any. Specify a different type.  @typescript-eslint/no-explicit-any
87:31  Warning: Unexpected any. Specify a different type.  @typescript-eslint/no-explicit-any
95:52  Warning: Unexpected any. Specify a different type.  @typescript-eslint/no-explicit-any

./app/blog/[slug]/page.tsx
244:34  Warning: Unexpected any. Specify a different type.  @typescript-eslint/no-explicit-any
245:46  Warning: Unexpected any. Specify a different type.  @typescript-eslint/no-explicit-any
246:66  Warning: Unexpected any. Specify a different type.  @typescript-eslint/no-explicit-any
326:29  Warning: Using `<img>` could result in slower LCP and higher bandwidth. Consider using `<Image />` from `next/image` to automatically optimize images. This may incur additional usage or cost from your provider. See: https://nextjs.org/docs/messages/no-img-element  @next/next/no-img-element
443:55  Warning: Unexpected any. Specify a different type.  @typescript-eslint/no-explicit-any
476:71  Warning: Unexpected any. Specify a different type.  @typescript-eslint/no-explicit-any
508:49  Warning: Using `<img>` could result in slower LCP and higher bandwidth. Consider using `<Image />` from `next/image` to automatically optimize images. This may incur additional usage or cost from your provider. See: https://nextjs.org/docs/messages/no-img-element  @next/next/no-img-element

./app/page.tsx
13:115  Warning: Unexpected any. Specify a different type.  @typescript-eslint/no-explicit-any
29:119  Warning: Unexpected any. Specify a different type.  @typescript-eslint/no-explicit-any
61:123  Warning: Unexpected any. Specify a different type.  @typescript-eslint/no-explicit-any

./components/CheckoutFlow.tsx
19:17  Warning: Unexpected any. Specify a different type.  @typescript-eslint/no-explicit-any
38:54  Warning: Unexpected any. Specify a different type.  @typescript-eslint/no-explicit-any
40:58  Warning: Unexpected any. Specify a different type.  @typescript-eslint/no-explicit-any
52:56  Warning: Unexpected any. Specify a different type.  @typescript-eslint/no-explicit-any
99:18  Warning: Unexpected any. Specify a different type.  @typescript-eslint/no-explicit-any

./components/LandingPage.tsx
41:54  Warning: Unexpected any. Specify a different type.  @typescript-eslint/no-explicit-any
124:67  Warning: Unexpected any. Specify a different type.  @typescript-eslint/no-explicit-any
225:57  Warning: Unexpected any. Specify a different type.  @typescript-eslint/no-explicit-any

./components/ResultsView.tsx
250:79  Warning: Unexpected any. Specify a different type.  @typescript-eslint/no-explicit-any

./components/SimulatorWrapper.tsx
22:21  Warning: Unexpected any. Specify a different type.  @typescript-eslint/no-explicit-any
23:21  Warning: Unexpected any. Specify a different type.  @typescript-eslint/no-explicit-any
24:18  Warning: Unexpected any. Specify a different type.  @typescript-eslint/no-explicit-any
25:19  Warning: Unexpected any. Specify a different type.  @typescript-eslint/no-explicit-any
26:17  Warning: Unexpected any. Specify a different type.  @typescript-eslint/no-explicit-any
27:22  Warning: Unexpected any. Specify a different type.  @typescript-eslint/no-explicit-any
28:22  Warning: Unexpected any. Specify a different type.  @typescript-eslint/no-explicit-any
29:23  Warning: Unexpected any. Specify a different type.  @typescript-eslint/no-explicit-any
30:24  Warning: Unexpected any. Specify a different type.  @typescript-eslint/no-explicit-any
31:18  Warning: Unexpected any. Specify a different type.  @typescript-eslint/no-explicit-any
32:26  Warning: Unexpected any. Specify a different type.  @typescript-eslint/no-explicit-any
33:19  Warning: Unexpected any. Specify a different type.  @typescript-eslint/no-explicit-any
34:19  Warning: Unexpected any. Specify a different type.  @typescript-eslint/no-explicit-any
35:27  Warning: Unexpected any. Specify a different type.  @typescript-eslint/no-explicit-any
36:30  Warning: Unexpected any. Specify a different type.  @typescript-eslint/no-explicit-any
37:22  Warning: Unexpected any. Specify a different type.  @typescript-eslint/no-explicit-any
38:41  Warning: Unexpected any. Specify a different type.  @typescript-eslint/no-explicit-any
39:20  Warning: Unexpected any. Specify a different type.  @typescript-eslint/no-explicit-any
40:27  Warning: Unexpected any. Specify a different type.  @typescript-eslint/no-explicit-any
41:24  Warning: Unexpected any. Specify a different type.  @typescript-eslint/no-explicit-any
42:19  Warning: Unexpected any. Specify a different type.  @typescript-eslint/no-explicit-any
43:23  Warning: Unexpected any. Specify a different type.  @typescript-eslint/no-explicit-any
44:21  Warning: Unexpected any. Specify a different type.  @typescript-eslint/no-explicit-any
105:62  Warning: Unexpected any. Specify a different type.  @typescript-eslint/no-explicit-any

./components/admin/DashboardBuilder.tsx
83:53  Warning: Unexpected any. Specify a different type.  @typescript-eslint/no-explicit-any
216:76  Warning: Unexpected any. Specify a different type.  @typescript-eslint/no-explicit-any
221:52  Warning: Unexpected any. Specify a different type.  @typescript-eslint/no-explicit-any
230:52  Warning: Unexpected any. Specify a different type.  @typescript-eslint/no-explicit-any
242:53  Warning: Unexpected any. Specify a different type.  @typescript-eslint/no-explicit-any
243:81  Warning: Unexpected any. Specify a different type.  @typescript-eslint/no-explicit-any
265:61  Warning: Unexpected any. Specify a different type.  @typescript-eslint/no-explicit-any
286:64  Warning: Unexpected any. Specify a different type.  @typescript-eslint/no-explicit-any
310:72  Warning: Unexpected any. Specify a different type.  @typescript-eslint/no-explicit-any
310:80  Warning: Unexpected any. Specify a different type.  @typescript-eslint/no-explicit-any
310:130  Warning: Unexpected any. Specify a different type.  @typescript-eslint/no-explicit-any
311:90  Warning: Unexpected any. Specify a different type.  @typescript-eslint/no-explicit-any
311:98  Warning: Unexpected any. Specify a different type.  @typescript-eslint/no-explicit-any
328:35  Warning: Unexpected any. Specify a different type.  @typescript-eslint/no-explicit-any
354:59  Warning: Unexpected any. Specify a different type.  @typescript-eslint/no-explicit-any

./components/admin/FranchiseMasterPanel.tsx
8:60  Warning: Unexpected any. Specify a different type.  @typescript-eslint/no-explicit-any
186:55  Warning: Unexpected any. Specify a different type.  @typescript-eslint/no-explicit-any
187:64  Warning: Unexpected any. Specify a different type.  @typescript-eslint/no-explicit-any
214:44  Warning: Unexpected any. Specify a different type.  @typescript-eslint/no-explicit-any
277:59  Warning: Unexpected any. Specify a different type.  @typescript-eslint/no-explicit-any
297:39  Warning: Unexpected any. Specify a different type.  @typescript-eslint/no-explicit-any
506:79  Warning: Unexpected any. Specify a different type.  @typescript-eslint/no-explicit-any
549:119  Warning: Unexpected any. Specify a different type.  @typescript-eslint/no-explicit-any
573:87  Warning: Unexpected any. Specify a different type.  @typescript-eslint/no-explicit-any

./components/admin/LeadActivityFeed.tsx
57:38  Warning: Unexpected any. Specify a different type.  @typescript-eslint/no-explicit-any

./components/admin/UserManagementPanel.tsx
114:40  Warning: Unexpected any. Specify a different type.  @typescript-eslint/no-explicit-any
130:36  Warning: Unexpected any. Specify a different type.  @typescript-eslint/no-explicit-any
157:72  Warning: Unexpected any. Specify a different type.  @typescript-eslint/no-explicit-any
160:71  Warning: Unexpected any. Specify a different type.  @typescript-eslint/no-explicit-any
180:35  Warning: Unexpected any. Specify a different type.  @typescript-eslint/no-explicit-any
270:49  Warning: Unexpected any. Specify a different type.  @typescript-eslint/no-explicit-any
345:59  Warning: Unexpected any. Specify a different type.  @typescript-eslint/no-explicit-any
371:63  Warning: Unexpected any. Specify a different type.  @typescript-eslint/no-explicit-any
474:61  Warning: Unexpected any. Specify a different type.  @typescript-eslint/no-explicit-any

./components/admin/calendar/AgendaDashboard.tsx
178:98  Warning: Unexpected any. Specify a different type.  @typescript-eslint/no-explicit-any
191:90  Warning: Unexpected any. Specify a different type.  @typescript-eslint/no-explicit-any
372:90  Warning: Unexpected any. Specify a different type.  @typescript-eslint/no-explicit-any

./components/admin/calendar/StaffCalendarView.tsx
23:46  Warning: Unexpected any. Specify a different type.  @typescript-eslint/no-explicit-any
25:60  Warning: Unexpected any. Specify a different type.  @typescript-eslint/no-explicit-any
31:46  Warning: Unexpected any. Specify a different type.  @typescript-eslint/no-explicit-any
117:46  Warning: Unexpected any. Specify a different type.  @typescript-eslint/no-explicit-any
302:74  Warning: Unexpected any. Specify a different type.  @typescript-eslint/no-explicit-any
339:66  Warning: Unexpected any. Specify a different type.  @typescript-eslint/no-explicit-any
365:59  Warning: Unexpected any. Specify a different type.  @typescript-eslint/no-explicit-any
390:65  Warning: Unexpected any. Specify a different type.  @typescript-eslint/no-explicit-any
449:82  Warning: Unexpected any. Specify a different type.  @typescript-eslint/no-explicit-any
631:52  Warning: Unexpected any. Specify a different type.  @typescript-eslint/no-explicit-any
769:71  Warning: Unexpected any. Specify a different type.  @typescript-eslint/no-explicit-any
782:99  Warning: Unexpected any. Specify a different type.  @typescript-eslint/no-explicit-any

./components/admin/dashboard/AiReportingChat.tsx
22:11  Warning: Unexpected any. Specify a different type.  @typescript-eslint/no-explicit-any
93:23  Warning: Unexpected any. Specify a different type.  @typescript-eslint/no-explicit-any
147:58  Warning: Unexpected any. Specify a different type.  @typescript-eslint/no-explicit-any
155:50  Warning: Unexpected any. Specify a different type.  @typescript-eslint/no-explicit-any

./components/admin/dashboard/AiWidgetGrid.tsx
13:44  Warning: Unexpected any. Specify a different type.  @typescript-eslint/no-explicit-any
113:74  Warning: Unexpected any. Specify a different type.  @typescript-eslint/no-explicit-any
130:68  Warning: Unexpected any. Specify a different type.  @typescript-eslint/no-explicit-any

./components/admin/finance/FinanceCreditNotes.tsx
8:52  Warning: Unexpected any. Specify a different type.  @typescript-eslint/no-explicit-any

./components/admin/finance/FinanceInvoices.tsx
54:99  Warning: Unexpected any. Specify a different type.  @typescript-eslint/no-explicit-any

./components/admin/finance/FinanceOverview.tsx
13:44  Warning: Unexpected any. Specify a different type.  @typescript-eslint/no-explicit-any
14:48  Warning: Unexpected any. Specify a different type.  @typescript-eslint/no-explicit-any
15:46  Warning: Unexpected any. Specify a different type.  @typescript-eslint/no-explicit-any
16:54  Warning: Unexpected any. Specify a different type.  @typescript-eslint/no-explicit-any
17:52  Warning: Unexpected any. Specify a different type.  @typescript-eslint/no-explicit-any
53:61  Warning: Unexpected any. Specify a different type.  @typescript-eslint/no-explicit-any
186:56  Warning: Unexpected any. Specify a different type.  @typescript-eslint/no-explicit-any
187:86  Warning: Unexpected any. Specify a different type.  @typescript-eslint/no-explicit-any

./components/admin/finance/FinancePayouts.tsx
31:38  Warning: Unexpected any. Specify a different type.  @typescript-eslint/no-explicit-any
31:46  Warning: Unexpected any. Specify a different type.  @typescript-eslint/no-explicit-any
38:64  Warning: Unexpected any. Specify a different type.  @typescript-eslint/no-explicit-any
39:68  Warning: Unexpected any. Specify a different type.  @typescript-eslint/no-explicit-any
40:66  Warning: Unexpected any. Specify a different type.  @typescript-eslint/no-explicit-any
79:28  Warning: Unexpected any. Specify a different type.  @typescript-eslint/no-explicit-any
223:99  Warning: Unexpected any. Specify a different type.  @typescript-eslint/no-explicit-any

./components/admin/finance/FinanceTransactions.tsx
8:54  Warning: Unexpected any. Specify a different type.  @typescript-eslint/no-explicit-any

./components/admin/finance/GlobalFinancePanel.tsx
33:54  Warning: Unexpected any. Specify a different type.  @typescript-eslint/no-explicit-any
34:52  Warning: Unexpected any. Specify a different type.  @typescript-eslint/no-explicit-any
251:99  Warning: Unexpected any. Specify a different type.  @typescript-eslint/no-explicit-any
358:105  Warning: Unexpected any. Specify a different type.  @typescript-eslint/no-explicit-any
436:45  Warning: Unexpected any. Specify a different type.  @typescript-eslint/no-explicit-any

./components/admin/settings/DocumentCatalogTab.tsx
32:48  Warning: Unexpected any. Specify a different type.  @typescript-eslint/no-explicit-any

./components/admin/settings/GlobalSettingsPanel.tsx
117:68  Warning: Unexpected any. Specify a different type.  @typescript-eslint/no-explicit-any

./components/admin/settings/IntegrationsTab.tsx
64:67  Warning: Unexpected any. Specify a different type.  @typescript-eslint/no-explicit-any

./components/admin/settings/LegalDocumentsTab.tsx
22:58  Warning: Unexpected any. Specify a different type.  @typescript-eslint/no-explicit-any

./components/admin/settings/PipelineAutomationsTab.tsx
106:40  Warning: Unexpected any. Specify a different type.  @typescript-eslint/no-explicit-any
450:48  Warning: Unexpected any. Specify a different type.  @typescript-eslint/no-explicit-any
453:47  Warning: Unexpected any. Specify a different type.  @typescript-eslint/no-explicit-any
473:91  Warning: Unexpected any. Specify a different type.  @typescript-eslint/no-explicit-any

./components/admin/settings/ServicePricingTab.tsx
349:41  Warning: Unexpected any. Specify a different type.  @typescript-eslint/no-explicit-any
371:28  Warning: Unexpected any. Specify a different type.  @typescript-eslint/no-explicit-any

./components/admin/settings/SystemUsersTab.tsx
71:28  Warning: Unexpected any. Specify a different type.  @typescript-eslint/no-explicit-any

./components/admin/settings/TwilioTemplatesTab.tsx
279:47  Warning: Unexpected any. Specify a different type.  @typescript-eslint/no-explicit-any
279:76  Warning: Unexpected any. Specify a different type.  @typescript-eslint/no-explicit-any
281:55  Warning: Unexpected any. Specify a different type.  @typescript-eslint/no-explicit-any
281:81  Warning: Unexpected any. Specify a different type.  @typescript-eslint/no-explicit-any
292:69  Warning: Unexpected any. Specify a different type.  @typescript-eslint/no-explicit-any
300:59  Warning: Unexpected any. Specify a different type.  @typescript-eslint/no-explicit-any
303:103  Warning: Unexpected any. Specify a different type.  @typescript-eslint/no-explicit-any

./components/backoffice/AgencyDashboard.tsx
52:56  Warning: Unexpected any. Specify a different type.  @typescript-eslint/no-explicit-any
55:64  Warning: Unexpected any. Specify a different type.  @typescript-eslint/no-explicit-any

./components/backoffice/AuditVeillePanel.tsx
63:35  Warning: Unexpected any. Specify a different type.  @typescript-eslint/no-explicit-any

./components/backoffice/EligibilityConfigPanel.tsx
199:74  Warning: Unexpected any. Specify a different type.  @typescript-eslint/no-explicit-any
306:81  Warning: Unexpected any. Specify a different type.  @typescript-eslint/no-explicit-any
370:17  Warning: Unexpected any. Specify a different type.  @typescript-eslint/no-explicit-any
374:44  Warning: Unexpected any. Specify a different type.  @typescript-eslint/no-explicit-any
401:47  Warning: Unexpected any. Specify a different type.  @typescript-eslint/no-explicit-any
403:27  Warning: Unexpected any. Specify a different type.  @typescript-eslint/no-explicit-any
548:50  Warning: Unexpected any. Specify a different type.  @typescript-eslint/no-explicit-any
556:46  Warning: Unexpected any. Specify a different type.  @typescript-eslint/no-explicit-any
558:50  Warning: Unexpected any. Specify a different type.  @typescript-eslint/no-explicit-any
559:58  Warning: Unexpected any. Specify a different type.  @typescript-eslint/no-explicit-any
565:22  Warning: Unexpected any. Specify a different type.  @typescript-eslint/no-explicit-any
597:69  Warning: Unexpected any. Specify a different type.  @typescript-eslint/no-explicit-any
636:53  Warning: Unexpected any. Specify a different type.  @typescript-eslint/no-explicit-any
641:59  Warning: Unexpected any. Specify a different type.  @typescript-eslint/no-explicit-any
791:64  Warning: Unexpected any. Specify a different type.  @typescript-eslint/no-explicit-any
791:91  Warning: Unexpected any. Specify a different type.  @typescript-eslint/no-explicit-any
1075:79  Warning: Unexpected any. Specify a different type.  @typescript-eslint/no-explicit-any
1212:55  Warning: Unexpected any. Specify a different type.  @typescript-eslint/no-explicit-any
1296:77  Warning: Unexpected any. Specify a different type.  @typescript-eslint/no-explicit-any
1346:77  Warning: Unexpected any. Specify a different type.  @typescript-eslint/no-explicit-any

./components/backoffice/FranchiseCaseDetail.tsx
190:167  Warning: Unexpected any. Specify a different type.  @typescript-eslint/no-explicit-any

./components/backoffice/HQDashboard.tsx
162:94  Warning: Unexpected any. Specify a different type.  @typescript-eslint/no-explicit-any
498:102  Warning: Unexpected any. Specify a different type.  @typescript-eslint/no-explicit-any

./components/backoffice/LegalMatrixModule.tsx
104:64  Warning: Unexpected any. Specify a different type.  @typescript-eslint/no-explicit-any
146:55  Warning: Unexpected any. Specify a different type.  @typescript-eslint/no-explicit-any
152:33  Warning: Unexpected any. Specify a different type.  @typescript-eslint/no-explicit-any
152:41  Warning: Unexpected any. Specify a different type.  @typescript-eslint/no-explicit-any
451:55  Warning: Unexpected any. Specify a different type.  @typescript-eslint/no-explicit-any
482:18  Warning: Unexpected any. Specify a different type.  @typescript-eslint/no-explicit-any

./components/backoffice/WhatsAppWidget.tsx
43:46  Warning: Unexpected any. Specify a different type.  @typescript-eslint/no-explicit-any
66:61  Warning: Unexpected any. Specify a different type.  @typescript-eslint/no-explicit-any
139:40  Warning: Unexpected any. Specify a different type.  @typescript-eslint/no-explicit-any

./components/calendar/BookingWidget.tsx
56:85  Warning: Unexpected any. Specify a different type.  @typescript-eslint/no-explicit-any
56:94  Warning: Unexpected any. Specify a different type.  @typescript-eslint/no-explicit-any
63:41  Warning: Unexpected any. Specify a different type.  @typescript-eslint/no-explicit-any
157:70  Warning: Unexpected any. Specify a different type.  @typescript-eslint/no-explicit-any

./components/sales/BookAppointmentModal.tsx
65:46  Warning: Unexpected any. Specify a different type.  @typescript-eslint/no-explicit-any
162:23  Warning: Unexpected any. Specify a different type.  @typescript-eslint/no-explicit-any

./components/sales/CallCockpit.tsx
118:106  Warning: Unexpected any. Specify a different type.  @typescript-eslint/no-explicit-any
126:27  Warning: Unexpected any. Specify a different type.  @typescript-eslint/no-explicit-any
177:23  Warning: Unexpected any. Specify a different type.  @typescript-eslint/no-explicit-any
275:40  Warning: Unexpected any. Specify a different type.  @typescript-eslint/no-explicit-any
278:40  Warning: Unexpected any. Specify a different type.  @typescript-eslint/no-explicit-any
281:40  Warning: Unexpected any. Specify a different type.  @typescript-eslint/no-explicit-any
284:45  Warning: Unexpected any. Specify a different type.  @typescript-eslint/no-explicit-any
286:45  Warning: Unexpected any. Specify a different type.  @typescript-eslint/no-explicit-any

./components/sales/PipelineVelocity.tsx
13:82  Warning: Unexpected any. Specify a different type.  @typescript-eslint/no-explicit-any

./components/sales/ProspectDrawer.tsx
34:4  Warning: Unexpected any. Specify a different type.  @typescript-eslint/no-explicit-any
68:36  Warning: Unexpected any. Specify a different type.  @typescript-eslint/no-explicit-any
69:29  Warning: Unexpected any. Specify a different type.  @typescript-eslint/no-explicit-any
69:50  Warning: Unexpected any. Specify a different type.  @typescript-eslint/no-explicit-any
77:79  Warning: Unexpected any. Specify a different type.  @typescript-eslint/no-explicit-any
78:36  Warning: Unexpected any. Specify a different type.  @typescript-eslint/no-explicit-any
78:84  Warning: Unexpected any. Specify a different type.  @typescript-eslint/no-explicit-any
79:29  Warning: Unexpected any. Specify a different type.  @typescript-eslint/no-explicit-any
79:50  Warning: Unexpected any. Specify a different type.  @typescript-eslint/no-explicit-any
79:119  Warning: Unexpected any. Specify a different type.  @typescript-eslint/no-explicit-any
90:24  Warning: Unexpected any. Specify a different type.  @typescript-eslint/no-explicit-any
254:119  Warning: Unexpected any. Specify a different type.  @typescript-eslint/no-explicit-any
255:63  Warning: Unexpected any. Specify a different type.  @typescript-eslint/no-explicit-any
489:59  Warning: Unexpected any. Specify a different type.  @typescript-eslint/no-explicit-any
945:69  Warning: Unexpected any. Specify a different type.  @typescript-eslint/no-explicit-any
992:84  Warning: Unexpected any. Specify a different type.  @typescript-eslint/no-explicit-any
993:77  Warning: Unexpected any. Specify a different type.  @typescript-eslint/no-explicit-any
993:98  Warning: Unexpected any. Specify a different type.  @typescript-eslint/no-explicit-any
1101:73  Warning: Unexpected any. Specify a different type.  @typescript-eslint/no-explicit-any

./components/sales/SalesAnalyticsDashboard.tsx
12:40  Warning: Unexpected any. Specify a different type.  @typescript-eslint/no-explicit-any
129:44  Warning: Unexpected any. Specify a different type.  @typescript-eslint/no-explicit-any
154:44  Warning: Unexpected any. Specify a different type.  @typescript-eslint/no-explicit-any
155:71  Warning: Unexpected any. Specify a different type.  @typescript-eslint/no-explicit-any

./components/sales/SalesDashboard.tsx
47:68  Warning: Unexpected any. Specify a different type.  @typescript-eslint/no-explicit-any
54:65  Warning: Unexpected any. Specify a different type.  @typescript-eslint/no-explicit-any
67:52  Warning: Unexpected any. Specify a different type.  @typescript-eslint/no-explicit-any
106:60  Warning: Unexpected any. Specify a different type.  @typescript-eslint/no-explicit-any
118:46  Warning: Unexpected any. Specify a different type.  @typescript-eslint/no-explicit-any
136:62  Warning: Unexpected any. Specify a different type.  @typescript-eslint/no-explicit-any
222:79  Warning: Unexpected any. Specify a different type.  @typescript-eslint/no-explicit-any
223:77  Warning: Unexpected any. Specify a different type.  @typescript-eslint/no-explicit-any
224:105  Warning: Unexpected any. Specify a different type.  @typescript-eslint/no-explicit-any
421:128  Warning: Unexpected any. Specify a different type.  @typescript-eslint/no-explicit-any
435:91  Warning: Unexpected any. Specify a different type.  @typescript-eslint/no-explicit-any
490:24  Warning: Unexpected any. Specify a different type.  @typescript-eslint/no-explicit-any
1259:75  Warning: Unexpected any. Specify a different type.  @typescript-eslint/no-explicit-any
1548:59  Warning: Unexpected any. Specify a different type.  @typescript-eslint/no-explicit-any
1549:59  Warning: Unexpected any. Specify a different type.  @typescript-eslint/no-explicit-any

./components/sales/SalesTrackingDashboard.tsx
47:93  Warning: Unexpected any. Specify a different type.  @typescript-eslint/no-explicit-any
50:23  Warning: Unexpected any. Specify a different type.  @typescript-eslint/no-explicit-any
314:101  Warning: Unexpected any. Specify a different type.  @typescript-eslint/no-explicit-any
480:88  Warning: Unexpected any. Specify a different type.  @typescript-eslint/no-explicit-any

./components/steps/CallbackStep.tsx
20:70  Warning: Unexpected any. Specify a different type.  @typescript-eslint/no-explicit-any
21:66  Warning: Unexpected any. Specify a different type.  @typescript-eslint/no-explicit-any

./components/steps/CivicExamStep.tsx
86:88  Warning: Unexpected any. Specify a different type.  @typescript-eslint/no-explicit-any
120:93  Warning: Unexpected any. Specify a different type.  @typescript-eslint/no-explicit-any

./components/steps/DrivingLicenseStep.tsx
107:81  Warning: Unexpected any. Specify a different type.  @typescript-eslint/no-explicit-any
144:90  Warning: Unexpected any. Specify a different type.  @typescript-eslint/no-explicit-any

./components/steps/FamilyReunificationStep.tsx
152:77  Warning: Unexpected any. Specify a different type.  @typescript-eslint/no-explicit-any
172:72  Warning: Unexpected any. Specify a different type.  @typescript-eslint/no-explicit-any
184:85  Warning: Unexpected any. Specify a different type.  @typescript-eslint/no-explicit-any
290:223  Warning: Unexpected any. Specify a different type.  @typescript-eslint/no-explicit-any
291:222  Warning: Unexpected any. Specify a different type.  @typescript-eslint/no-explicit-any
298:190  Warning: Unexpected any. Specify a different type.  @typescript-eslint/no-explicit-any
299:240  Warning: Unexpected any. Specify a different type.  @typescript-eslint/no-explicit-any
300:198  Warning: Unexpected any. Specify a different type.  @typescript-eslint/no-explicit-any
319:115  Warning: Unexpected any. Specify a different type.  @typescript-eslint/no-explicit-any
344:108  Warning: Unexpected any. Specify a different type.  @typescript-eslint/no-explicit-any
408:55  Warning: Unexpected any. Specify a different type.  @typescript-eslint/no-explicit-any

./components/steps/FrenchCourseStep.tsx
86:82  Warning: Unexpected any. Specify a different type.  @typescript-eslint/no-explicit-any
117:91  Warning: Unexpected any. Specify a different type.  @typescript-eslint/no-explicit-any

./components/steps/LegalConsultationStep.tsx
86:85  Warning: Unexpected any. Specify a different type.  @typescript-eslint/no-explicit-any
114:54  Warning: Unexpected any. Specify a different type.  @typescript-eslint/no-explicit-any
117:82  Warning: Unexpected any. Specify a different type.  @typescript-eslint/no-explicit-any
161:118  Warning: Unexpected any. Specify a different type.  @typescript-eslint/no-explicit-any

./components/steps/RdvPrefectureStep.tsx
114:85  Warning: Unexpected any. Specify a different type.  @typescript-eslint/no-explicit-any

./lib/engine.test.ts
21:45  Warning: Unexpected any. Specify a different type.  @typescript-eslint/no-explicit-any
31:42  Warning: Unexpected any. Specify a different type.  @typescript-eslint/no-explicit-any
41:26  Warning: Unexpected any. Specify a different type.  @typescript-eslint/no-explicit-any
42:33  Warning: Unexpected any. Specify a different type.  @typescript-eslint/no-explicit-any
78:29  Warning: Unexpected any. Specify a different type.  @typescript-eslint/no-explicit-any
121:49  Warning: Unexpected any. Specify a different type.  @typescript-eslint/no-explicit-any
137:47  Warning: Unexpected any. Specify a different type.  @typescript-eslint/no-explicit-any
153:46  Warning: Unexpected any. Specify a different type.  @typescript-eslint/no-explicit-any
173:46  Warning: Unexpected any. Specify a different type.  @typescript-eslint/no-explicit-any
190:59  Warning: Unexpected any. Specify a different type.  @typescript-eslint/no-explicit-any
212:55  Warning: Unexpected any. Specify a different type.  @typescript-eslint/no-explicit-any
231:56  Warning: Unexpected any. Specify a different type.  @typescript-eslint/no-explicit-any
254:47  Warning: Unexpected any. Specify a different type.  @typescript-eslint/no-explicit-any
323:44  Warning: Unexpected any. Specify a different type.  @typescript-eslint/no-explicit-any
366:44  Warning: Unexpected any. Specify a different type.  @typescript-eslint/no-explicit-any
391:42  Warning: Unexpected any. Specify a different type.  @typescript-eslint/no-explicit-any
412:43  Warning: Unexpected any. Specify a different type.  @typescript-eslint/no-explicit-any

info  - Need to disable some ESLint rules? Learn more here: https://nextjs.org/docs/basic-features/eslint#disabling-rules
